Simulation started
Processing data...
Simulation finished
